// Jest Snapshot v1, https://goo.gl/fbAQLP

exports[`Exponential lambda=0.1 samples nicely 1`] = `
Array [
  -0,
  0.09561827108889881,
  0.19215966136159257,
  0.2896421686935464,
  0.38808432249774694,
  0.48750520486374443,
  0.5879244727581393,
  0.6893623813510894,
  0.7918398085380881,
  0.8953782807312824,
  1.0000000000000004,
]
`;

exports[`Exponential lambda=0.5 samples nicely 1`] = `
Array [
  -0,
  0.08028389750081043,
  0.16392581427868808,
  0.251218969828263,
  0.34249674946118525,
  0.43814039275967726,
  0.5385886145288046,
  0.6443497721247285,
  0.7560174333214578,
  0.8742905530525391,
  1,
]
`;

exports[`Exponential lambda=1 samples nicely 1`] = `
Array [
  -0,
  0.06529833599883364,
  0.1351602748368097,
  0.21027195642236868,
  0.29148693313768487,
  0.3798854930417225,
  0.4768628363884144,
  0.5842647781563711,
  0.7046054708796523,
  0.841434921259571,
  1,
]
`;

exports[`Exponential lambda=2 samples nicely 1`] = `
Array [
  -0,
  0.045217600345924584,
  0.0949347515143791,
  0.15014691032101748,
  0.21222144117418723,
  0.28310958475848635,
  0.3657349317918609,
  0.4647706948496654,
  0.5883925047211546,
  0.7529856459779107,
  1,
]
`;
