// Jest Snapshot v1, https://goo.gl/fbAQLP

exports[`AttackSelector renders target feature 1`] = `""`;
