// Jest Snapshot v1, https://goo.gl/fbAQLP

exports[`MovementSelector renders target feature 1`] = `"corridor            "`;
