// Jest Snapshot v1, https://goo.gl/fbAQLP

exports[`createAssetFromPosition throws error on blocking ground 1`] = `"cannot build asset on missing or blocking ground"`;

exports[`createAssetFromPosition throws error on missing ground 1`] = `"cannot build asset on missing ground at 0,0"`;
