// Jest Snapshot v1, https://goo.gl/fbAQLP

exports[`Npc pushes fov 1`] = `
Uint8Array [
  1,
  1,
  1,
  1,
  1,
  1,
  1,
  1,
  1,
  1,
  1,
  0,
  0,
  0,
  0,
  0,
]
`;
