// Jest Snapshot v1, https://goo.gl/fbAQLP

exports[`PlayerControl moves player position 1`] = `
Vector {
  "coordinates": Array [
    0.8076923076923077,
    0.25,
  ],
}
`;
