// Jest Snapshot v1, https://goo.gl/fbAQLP

exports[`Npc moves character towards waypoint 1`] = `
Vector {
  "coordinates": Array [
    0.9,
    0.25,
  ],
}
`;
